2026-06-29 09:51:55,459 - INFO - Program Closed
2026-06-29 10:55:33,420 - INFO - File initialization check completed.
2026-06-29 10:55:33,421 - INFO - Program Started
2026-06-29 10:55:33,425 - INFO - All students viewed.
2026-06-29 10:55:33,425 - INFO - View students operation finished.
2026-06-29 10:55:33,426 - INFO - Student searched: REG002
2026-06-29 10:55:33,442 - INFO - Search operation finished for: REG002
2026-06-29 10:55:33,443 - WARNING - Search failed - student not found: REG999
2026-06-29 10:55:33,456 - INFO - Search operation finished for: REG999
2026-06-29 10:55:33,459 - INFO - Program Closed
2026-06-29 11:01:51,639 - INFO - Checked data files.
2026-06-29 11:01:51,639 - INFO - Program started
2026-06-29 11:01:51,641 - INFO - Viewed all students
2026-06-29 11:01:51,641 - INFO - Finished view operation
2026-06-29 11:01:51,654 - INFO - Program closed
2026-06-29 11:08:07,819 - INFO - Checked data files.
2026-06-29 11:08:07,820 - INFO - Program started
2026-06-29 11:08:55,505 - INFO - Added student: 24/u/06735/ps
2026-06-29 11:08:55,541 - INFO - Finished add operation for 24/u/06735/ps
2026-06-29 11:08:59,711 - INFO - Viewed all students
2026-06-29 11:08:59,711 - INFO - Finished view operation
2026-06-29 11:09:08,731 - INFO - Viewed all students
2026-06-29 11:09:08,732 - INFO - Finished view operation
2026-06-29 11:09:35,571 - WARNING - Update failed - 34568 not found
2026-06-29 11:09:35,571 - INFO - Finished update for 34568
2026-06-29 11:10:05,178 - INFO - Searched for 24/u/06735/ps
2026-06-29 11:10:05,178 - INFO - Finished search for 24/u/06735/ps
